<html>
<body>
<pre>
<h1>µVision Build Log</h1>
<h2>Project:</h2>
C:\Keil\EE319KwareSpring2018\lab-8-c-version-barrett-jared\Lab8.uvproj
Project File Date:  04/09/2018

<h2>Output:</h2>
Build target 'Lab8'
compiling Lab8.c...
linking...
Program Size: Code=4940 RO-data=2292 RW-data=112 ZI-data=1176  
".\Lab8.axf" - 0 Error(s), 0 Warning(s).
Load "C:\\Keil\\EE319KwareSpring2018\\lab-8-c-version-barrett-jared\\Lab8.axf" 
Connecting: Mode=JTAG, Speed=1000000Hz
Erase Done.
Programming Done.
Verify OK.
</pre>
</body>
</html>
" 
Connecting: Mode=JTAG, Speed=1000000Hz
Erase Done.
Programming Done.
Verify OK.
one.
Programming Done.
Verify OK.
