<html>
<body>
<pre>
<h1>µVision Build Log</h1>
<h2>Project:</h2>
C:\Keil\EE319KwareSpring2018\lab-10-c-spaceinvader-jared-barrett-master\SpaceInvaders.uvproj
Project File Date:  05/01/2018

<h2>Output:</h2>
Build target 'SpaceInvaders'
compiling Sound.c...
linking...
Program Size: Code=4308 RO-data=245100 RW-data=96 ZI-data=1120  
".\SpaceInvaders.axf" - 0 Error(s), 0 Warning(s).
</pre>
</body>
</html>
paceinvader-jared-barrett-master\\SpaceInvaders.axf" 
Connecting: Mode=JTAG, Speed=1000000Hz
Connection failed!, error code=&d
Error: Flash Download failed  -  Target DLL has been cancelled
Load "C:\\Keil\\EE319KwareSpring2018\\lab-10-c-spaceinvader-jared-barrett-master\\SpaceInvaders.axf" 
Connecting: Mode=JTAG, Speed=1000000Hz
Connection failed!, error code=&d
Error: Flash Download failed  -  Target DLL has been cancelled
Load "C:\\Keil\\EE319KwareSpring2018\\lab-10-c-spaceinvader-jared-barrett-master\\SpaceInvaders.axf" 
Connecting: Mode=JTAG, Speed=1000000Hz
Erase Done.
Programming Done.
Verify OK.
Load "C:\\Keil\\EE319KwareSpring2018\\lab-10-c-spaceinvader-jared-barrett-master\\SpaceInvaders.axf" 
Connecting: Mode=JTAG, Speed=1000000Hz
Erase Done.
Programming Done.
Verify OK.
Load "C:\\Keil\\EE319KwareSpring2018\\lab-10-c-spaceinvader-jared-barrett-master\\SpaceInvaders.axf" 
Connecting: Mode=JTAG, Speed=1000000Hz
Erase Done.
Programming Done.
Verify OK.
